// Jest Snapshot v1, https://goo.gl/fbAQLP

exports[`App should match the snapshot 1`] = `
<h1
  className="title"
>
  Hello, world!
</h1>
`;
